
=== Tutoriel 11 — Suivre l'avancement de ses tâches ===
Ouverture et fin…
  intro — 3.60 s
  outro — 5.20 s
Présentation…
  bulle : 0/239
  bulle : 60/239
  bulle : 120/239
  bulle : 180/239
  bulle — 7.97 s
Démonstration…
  plan 1 · 1 · Vos tâches — 5.02 s (vitesse ×0.74)
  plan 2 · 2 · Celles d'aujourd'hui — 3.89 s (vitesse ×1.16)
  plan 3 · 3 · Celles qui sont finies — 4.21 s (vitesse ×1.07)
  plan 4 · 4 · Le panneau de filtres — 2.64 s (vitesse ×1.70)
  plan 5 · 5 · La période — 4.21 s (vitesse ×1.19)
  plan 6 · 6 · La fréquence — 4.49 s (vitesse ×1.45)
  plan 7 · 7 · La liste filtrée — 2.93 s (vitesse ×1.88)
  plan 8 · 8 · Tout réinitialiser — 4.68 s (vitesse ×1.28)
  plan 9 · 9 · Sans demander — 3.11 s (vitesse ×1.35)
Mixage sonore…
Vignette…
  vignette — 2160 × 3840

✓ /home/user/Video/videos/planit-tuto-11-suivre-ses-taches/out/tuto-11-suivre-ses-taches.mp4 — 51.99 s
