
=== Tutoriel 07 — Enregistrer sa propre carte de prompt ===
Ouverture et fin…
  intro — 3.60 s
  outro — 5.20 s
Présentation…
  bulle : 0/254
  bulle : 60/254
  bulle : 120/254
  bulle : 180/254
  bulle : 240/254
  bulle — 8.47 s
Démonstration…
  plan 1 · 1 · Un nouveau prompt — 5.15 s (vitesse ×0.82)
  plan 2 · 2 · Le nom — 3.94 s (vitesse ×1.90)
  plan 3 · 3 · La description — 3.79 s (vitesse ×1.58)
  plan 4 · 4 · Une première variable — 4.86 s (vitesse ×1.54)
  plan 5 · 5 · Une deuxième — 2.69 s (vitesse ×2.97)
  plan 6 · 6 · Le type de la variable — 5.38 s (vitesse ×0.84)
  plan 7 · 7 · La troisième — 2.77 s (vitesse ×4.33)
  plan 8 · 8 · Visibilité et création — 4.62 s (vitesse ×1.52)
  plan 9 · 9 · Dans la bibliothèque — 4.13 s (vitesse ×1.33)
  plan 10 · 10 · Modifier plus tard — 4.62 s (vitesse ×2.27)
  plan 11 · 11 · Ce qui change — 4.91 s (vitesse ×0.81)
  plan 12 · 12 · Réutilisable — 3.11 s (vitesse ×1.06)
Mixage sonore…
Vignette…
  vignette — 2160 × 3840

✓ /home/user/Video/videos/planit-tuto-07-enregistrer-sa-propre-carte/out/tuto-07-enregistrer-sa-propre-carte.mp4 — 67.29 s
