
=== Tutoriel 39 — Régler ses notifications ===
Ouverture et fin…
  intro — 3.60 s
  outro — 5.20 s
Présentation…
  bulle : 0/198
  bulle : 60/198
  bulle : 120/198
  bulle : 180/198
  bulle — 6.59 s
Démonstration…
  plan 1 · 1 · La cloche — 2.51 s (vitesse ×0.88)
  plan 2 · 2 · Une ligne par tâche — 2.22 s (vitesse ×0.95)
  plan 3 · 3 · Le détail — 3.34 s (vitesse ×0.96)
  plan 4 · 4 · Tout remonte — 4.68 s (vitesse ×0.88)
  plan 5 · 5 · La liste se remplit — 3.89 s (vitesse ×0.93)
  plan 6 · 6 · L'engrenage — 2.82 s (vitesse ×0.96)
  plan 7 · 7 · Trois réglages — 2.93 s (vitesse ×0.96)
  plan 8 · 8 · Ce qu'on garde — 3.94 s (vitesse ×0.91)
  plan 9 · 9 · La règle — 3.89 s (vitesse ×1.00)
  plan 10 · 10 · Trop d'alertes — 2.74 s (vitesse ×1.06)
Mixage sonore…
Vignette…
  vignette — 2160 × 3840

✓ /home/user/Video/videos/planit-tuto-39-regler-ses-notifications/out/tuto-39-regler-ses-notifications.mp4 — 48.42 s
