
=== Tutoriel 12 — Brancher Google Agenda et Gmail ===
Ouverture et fin…
  intro — 3.60 s
  outro — 5.20 s
Présentation…
  bulle : 0/270
  bulle : 60/270
  bulle : 120/270
  bulle : 180/270
  bulle : 240/270
  bulle — 9.00 s
Démonstration…
  plan 1 · 1 · L'onglet Services — 4.96 s (vitesse ×0.75)
  plan 2 · 2 · Gmail, Agenda, Drive — 4.49 s (vitesse ×1.00)
  plan 3 · 3 · L'écran de Google — 7.24 s (vitesse ×0.76)
  plan 4 · 4 · Choisir son compte — 2.04 s (vitesse ×1.96)
  plan 5 · 5 · Cocher les accès — 3.84 s (vitesse ×1.04)
  plan 6 · 6 · Confirmer — 4.08 s (vitesse ×1.10)
  plan 7 · 7 · Authentifié — 3.00 s (vitesse ×1.83)
  plan 8 · 8 · Un service après l'autre — 4.02 s (vitesse ×2.24)
  plan 9 · 9 · La pastille verte — 3.60 s (vitesse ×2.50)
  plan 10 · 10 · Et l'on coupe aussi vite — 2.22 s (vitesse ×2.79)
Mixage sonore…
Vignette…
  vignette — 2160 × 3840

✓ /home/user/Video/videos/planit-tuto-12-brancher-google/out/tuto-12-brancher-google.mp4 — 57.34 s
