
=== Tutoriel 03 — Les premiers réglages de votre entreprise ===
Ouverture et fin…
  intro — 3.60 s
  outro — 5.20 s
Présentation…
  bulle : 0/249
  bulle : 60/249
  bulle : 120/249
  bulle : 180/249
  bulle : 240/249
  bulle — 8.27 s
Démonstration…
  plan 1 · 1 · Le bandeau — 4.02 s (vitesse ×0.95)
  plan 2 · 2 · Commencer — 1.91 s (vitesse ×0.99)
  plan 3 · 3 · Huit sections — 3.71 s (vitesse ×0.84)
  plan 4 · 4 · Zéro sur huit — 2.82 s (vitesse ×0.96)
  plan 5 · 5 · Des réponses personnalisées — 3.24 s (vitesse ×0.90)
  plan 6 · 6 · Le ton en une phrase — 5.02 s (vitesse ×0.84)
  plan 7 · 7 · Utile plutôt que générique — 3.89 s (vitesse ×0.87)
Mixage sonore…
Vignette…
  vignette — 2160 × 3840

✓ /home/user/Video/videos/planit-tuto-03-premiers-reglages/out/tuto-03-premiers-reglages.mp4 — 41.82 s
