
=== Tutoriel 36 — Choisir les indicateurs de son accueil ===
Ouverture et fin…
  intro — 3.60 s
  outro — 5.20 s
Présentation…
  bulle : 0/204
  bulle : 60/204
  bulle : 120/204
  bulle : 180/204
  bulle — 6.78 s
Démonstration…
  plan 1 · 1 · Configurer — 3.24 s (vitesse ×0.90)
  plan 2 · 2 · Poignée, œil, corbeille — 2.69 s (vitesse ×0.86)
  plan 3 · 3 · Réordonner — 3.19 s (vitesse ×1.00)
  plan 4 · 4 · Le catalogue — 2.35 s (vitesse ×1.02)
  plan 5 · 5 · Ce qu'on peut ajouter — 4.02 s (vitesse ×1.00)
  plan 6 · 6 · Régler un widget — 4.00 s (vitesse ×1.00)
  plan 7 · 7 · Il apparaît sur l'accueil — 2.12 s (vitesse ×0.94)
  plan 8 · 8 · Le retirer — 3.42 s (vitesse ×1.02)
  plan 9 · 9 · Trois cartes maximum — 3.37 s (vitesse ×0.95)
  plan 10 · 10 · Un accueil qu'on consulte — 2.93 s (vitesse ×0.99)
Mixage sonore…
Vignette…
  vignette — 2160 × 3840

✓ /home/user/Video/videos/planit-tuto-36-suivre-ses-indicateurs/out/tuto-36-suivre-ses-indicateurs.mp4 — 47.01 s
