
=== Tutoriel 28 — Installer un plugin ===
Ouverture et fin…
  intro — 3.60 s
  outro — 5.20 s
Présentation…
  bulle : 0/190
  bulle : 60/190
  bulle : 120/190
  bulle : 180/190
  bulle — 6.32 s
Démonstration…
  plan 1 · 1 · L'écran Skills — 3.19 s (vitesse ×0.88)
  plan 2 · 2 · Importer un ZIP — 3.19 s (vitesse ×0.82)
  plan 3 · 3 · Choisir le fichier — 3.94 s (vitesse ×0.86)
  plan 4 · 4 · L'archive — 2.69 s (vitesse ×0.82)
  plan 5 · 5 · Importé — 3.29 s (vitesse ×1.22)
  plan 6 · 6 · Le retrouver — 2.27 s (vitesse ×1.59)
  plan 7 · 7 · Marqué « Perso » — 3.94 s (vitesse ×1.22)
  plan 8 · 8 · Le retirer — 4.18 s (vitesse ×1.17)
  plan 9 · 9 · Ce que vous utiliserez — 4.21 s (vitesse ×1.16)
  plan 10 · 10 · Sans une ligne de code — 2.12 s (vitesse ×1.65)
Mixage sonore…
Vignette…
  vignette — 2160 × 3840

✓ /home/user/Video/videos/planit-tuto-28-installer-un-plugin/out/tuto-28-installer-un-plugin.mp4 — 48.30 s
