
=== Tutoriel 22 — Organiser sa base de connaissance ===
Ouverture et fin…
  intro — 3.60 s
  outro — 5.20 s
Présentation…
  bulle : 0/229
  bulle : 60/229
  bulle : 120/229
  bulle : 180/229
  bulle — 7.63 s
Démonstration…
  plan 1 · 1 · L'entretien — 4.44 s (vitesse ×1.06)
  plan 2 · 2 · Répondre avec ses mots — 3.79 s (vitesse ×1.32)
  plan 3 · 3 · Une question à la fois — 4.78 s (vitesse ×1.05)
  plan 4 · 4 · L'assistant relance — 3.60 s (vitesse ×1.67)
  plan 5 · 5 · Une section rangée — 5.33 s (vitesse ×1.03)
  plan 6 · 6 · La proposition de valeur — 4.21 s (vitesse ×1.19)
  plan 7 · 7 · Les preuves — 2.95 s (vitesse ×1.69)
  plan 8 · 8 · Les concurrents — 3.16 s (vitesse ×1.74)
  plan 9 · 9 · Ce qui vous distingue — 4.08 s (vitesse ×1.23)
  plan 10 · 10 · Autant de tours qu'il faut — 4.00 s (vitesse ×1.50)
  plan 11 · 11 · Six sections sur huit — 3.24 s (vitesse ×2.87)
Mixage sonore…
Vignette…
  vignette — 2160 × 3840

✓ /home/user/Video/videos/planit-tuto-22-organiser-sa-base-de-connaissance/out/tuto-22-organiser-sa-base-de-connaissance.mp4 — 60.02 s
