
=== Tutoriel 41 — Gérer son abonnement et ses factures ===
Ouverture et fin…
  intro — 3.60 s
  outro — 5.20 s
Présentation…
  bulle : 0/268
  bulle : 60/268
  bulle : 120/268
  bulle : 180/268
  bulle : 240/268
  bulle — 8.92 s
Démonstration…
  plan 1 · 1 · Le solde de crédits — 6.64 s (vitesse ×0.54)
  plan 2 · 2 · Crédits, formules, factures — 4.00 s (vitesse ×0.50)
  plan 3 · 3 · Mes factures — 3.89 s (vitesse ×0.67)
  plan 4 · 4 · Recherche et filtres — 2.87 s (vitesse ×1.22)
  plan 5 · 5 · Télécharger le PDF — 4.41 s (vitesse ×0.43)
  plan 6 · 6 · La facture — 5.51 s (vitesse ×0.62)
Mixage sonore…
Vignette…
  vignette — 2160 × 3840

✓ /home/user/Video/videos/planit-tuto-41-gerer-son-abonnement/out/tuto-41-gerer-son-abonnement.mp4 — 45.17 s
