
=== Tutoriel 33 — Choisir l'avatar 3D de son agent ===
Ouverture et fin…
  intro — 3.60 s
  outro — 5.20 s
Présentation…
  bulle : 0/201
  bulle : 60/201
  bulle : 120/201
  bulle : 180/201
  bulle — 6.69 s
Démonstration…
  plan 1 · 1 · Créer son avatar — 4.26 s (vitesse ×1.13)
  plan 2 · 2 · L'identité — 3.24 s (vitesse ×1.54)
  plan 3 · 3 · L'apparence — 2.74 s (vitesse ×1.53)
  plan 4 · 4 · La tenue — 3.79 s (vitesse ×1.58)
  plan 5 · 5 · Le style 3D — 3.19 s (vitesse ×1.57)
  plan 6 · 6 · Une précision libre — 4.26 s (vitesse ×1.41)
  plan 7 · 7 · Générer — 2.93 s (vitesse ×1.54)
  plan 8 · 8 · L'attente — 2.77 s (vitesse ×1.52)
  plan 9 · 9 · La progression — 3.47 s (vitesse ×1.59)
  plan 10 · 10 · Presque fini — 2.93 s (vitesse ×1.54)
  plan 11 · 11 · Avatar créé — 3.53 s (vitesse ×1.42)
  plan 12 · 12 · Toute l'équipe — 4.55 s (vitesse ×0.99)
  plan 13 · 13 · Un métier, un visage — 4.55 s (vitesse ×0.92)
  plan 14 · 14 · Une équipe lisible — 2.69 s (vitesse ×1.30)
Mixage sonore…
Vignette…
  vignette — 2160 × 3840

✓ /home/user/Video/videos/planit-tuto-33-choisir-son-avatar/out/tuto-33-choisir-son-avatar.mp4 — 64.53 s
