
=== Tutoriel 25 — Retirer un document de la base ===
Ouverture et fin…
  intro — 3.60 s
  outro — 5.20 s
Présentation…
  bulle : 0/219
  bulle : 60/219
  bulle : 120/219
  bulle : 180/219
  bulle — 7.30 s
Démonstration…
  plan 1 · 1 · Votre base remplie — 3.00 s (vitesse ×0.77)
  plan 2 · 2 · Réinitialiser ? — 2.77 s (vitesse ×1.26)
  plan 3 · 3 · Deux portées — 2.95 s (vitesse ×1.36)
  plan 4 · 4 · Reprendre l'entretien — 4.08 s (vitesse ×0.98)
  plan 5 · 5 · La conversation repart — 3.60 s (vitesse ×1.39)
  plan 6 · 6 · Tout effacer — 3.16 s (vitesse ×1.42)
  plan 7 · 7 · Plus rien — 3.53 s (vitesse ×1.27)
  plan 8 · 8 · Ce qu'il lit, ce qu'il dit — 3.06 s (vitesse ×1.41)
Mixage sonore…
Vignette…
  vignette — 2160 × 3840

✓ /home/user/Video/videos/planit-tuto-25-retirer-un-document/out/tuto-25-retirer-un-document.mp4 — 42.33 s
