
=== Tutoriel 04 — Lire son tableau de bord ===
Ouverture et fin…
  intro — 3.60 s
  outro — 5.20 s
Présentation…
  bulle : 0/210
  bulle : 60/210
  bulle : 120/210
  bulle : 180/210
  bulle — 6.97 s
Démonstration…
  plan 1 · 1 · L'accueil — 2.12 s (vitesse ×0.90)
  plan 2 · 2 · Les deux chiffres du haut — 3.53 s (vitesse ×0.93)
  plan 3 · 3 · La formule — 3.58 s (vitesse ×0.95)
  plan 4 · 4 · Jours d'autonomie — 2.35 s (vitesse ×0.98)
  plan 5 · 5 · L'activité des agents — 3.79 s (vitesse ×0.92)
  plan 6 · 6 · Votre activité — 3.00 s (vitesse ×0.97)
  plan 7 · 7 · L'état de l'assistant — 4.08 s (vitesse ×0.88)
  plan 8 · 8 · Les prompts les plus utilisés — 2.27 s (vitesse ×0.93)
  plan 9 · 9 · La tendance, pas le point — 4.78 s (vitesse ×1.05)
  plan 10 · 10 · Sans mesure — 3.00 s (vitesse ×1.00)
Mixage sonore…
Vignette…
  vignette — 2160 × 3840

✓ /home/user/Video/videos/planit-tuto-04-lire-son-tableau-de-bord/out/tuto-04-lire-son-tableau-de-bord.mp4 — 48.33 s
