
=== Tutoriel 21 — Déposer ses documents dans la base de connaissance ===
Ouverture et fin…
  intro — 3.60 s
  outro — 5.20 s
Présentation…
  bulle : 0/254
  bulle : 60/254
  bulle : 120/254
  bulle : 180/254
  bulle : 240/254
  bulle — 8.47 s
Démonstration…
  plan 1 · 1 · Faire connaissance — 4.21 s (vitesse ×1.35)
  plan 2 · 2 · Huit sections — 7.11 s (vitesse ×0.84)
  plan 3 · 3 · Votre entreprise — 4.13 s (vitesse ×1.94)
  plan 4 · 4 · Avec vos mots — 4.08 s (vitesse ×2.70)
  plan 5 · 5 · Ce que vous vendez — 4.31 s (vitesse ×2.55)
  plan 6 · 6 · Enregistrer — 2.74 s (vitesse ×2.92)
  plan 7 · 7 · La section suivante — 3.00 s (vitesse ×2.67)
  plan 8 · 8 · Votre ton — 4.55 s (vitesse ×3.52)
  plan 9 · 9 · Ce qui est interdit — 2.95 s (vitesse ×4.75)
  plan 10 · 10 · Trois sections suffisent — 4.55 s (vitesse ×2.20)
  plan 11 · 11 · Déjà utilisable — 4.96 s (vitesse ×1.49)
Mixage sonore…
Vignette…
  vignette — 2160 × 3840

✓ /home/user/Video/videos/planit-tuto-21-deposer-ses-documents/out/tuto-21-deposer-ses-documents.mp4 — 63.88 s
