
=== Tutoriel 40 — Comprendre ses crédits ===
Ouverture et fin…
  intro — 3.60 s
  outro — 5.20 s
Présentation…
  bulle : 0/191
  bulle : 60/191
  bulle : 120/191
  bulle : 180/191
  bulle — 6.36 s
Démonstration…
  plan 1 · 1 · Mes crédits IA — 3.66 s (vitesse ×0.87)
  plan 2 · 2 · Le solde — 3.06 s (vitesse ×0.92)
  plan 3 · 3 · L'historique — 2.95 s (vitesse ×0.95)
  plan 4 · 4 · Ligne par ligne — 4.78 s (vitesse ×0.88)
  plan 5 · 5 · Ce qui est inclus — 3.06 s (vitesse ×0.92)
  plan 6 · 6 · La période — 3.37 s (vitesse ×0.95)
  plan 7 · 7 · Soixante-deux actions — 3.00 s (vitesse ×1.07)
  plan 8 · 8 · Les crédits reçus — 3.60 s (vitesse ×0.92)
  plan 9 · 9 · Le seul ratio qui compte — 4.00 s (vitesse ×0.95)
  plan 10 · 10 · Le prix avant — 2.87 s (vitesse ×0.98)
Mixage sonore…
Vignette…
  vignette — 2160 × 3840

✓ /home/user/Video/videos/planit-tuto-40-comprendre-ses-credits/out/tuto-40-comprendre-ses-credits.mp4 — 49.63 s
