
=== Tutoriel 29 — Désactiver un skill ou un plugin ===
Ouverture et fin…
  intro — 3.60 s
  outro — 5.20 s
Présentation…
  bulle : 0/217
  bulle : 60/217
  bulle : 120/217
  bulle : 180/217
  bulle — 7.20 s
Démonstration…
  plan 1 · 1 · L'écran Plugins — 3.16 s (vitesse ×1.08)
  plan 2 · 2 · Un interrupteur par ligne — 3.19 s (vitesse ×1.10)
  plan 3 · 3 · La recherche — 2.74 s (vitesse ×1.24)
  plan 4 · 4 · Le bon plugin, seul — 2.95 s (vitesse ×1.02)
  plan 5 · 5 · La liste revient — 2.27 s (vitesse ×0.97)
  plan 6 · 6 · Le même geste dans les deux sens — 3.16 s (vitesse ×1.14)
  plan 7 · 7 · Connecteur requis — 3.29 s (vitesse ×1.03)
  plan 8 · 8 · Elle vous emmène le brancher — 3.29 s (vitesse ×1.16)
  plan 9 · 9 · La dernière ajoutée en premier — 4.55 s (vitesse ×1.23)
  plan 10 · 10 · Rien n'est définitif — 3.34 s (vitesse ×1.05)
Mixage sonore…
Vignette…
  vignette — 2160 × 3840

✓ /home/user/Video/videos/planit-tuto-29-desactiver-un-skill/out/tuto-29-desactiver-un-skill.mp4 — 48.13 s
