=== d1s-direction-avant-sans 22:07:41
[INFO] [Render] Pipeline started {"renderJobId":"f1ae002b-b3cf-4932-aaa0-2f2f6687915e","platform":"linux","arch":"x64","nodeVersion":"v22.22.2","fps":{"num":30,"den":1},"format":"mp4","quality":"high","browserGpuMode":"auto","forceScreenshot":false,"protocolTimeout":300000,"browserTimeout":120000,"pageNavigationTimeout":60000,"playerReadyTimeout":45000}
[INFO] [Render:trace] {"renderJobId":"f1ae002b-b3cf-4932-aaa0-2f2f6687915e","phase":"pipeline","status":"checkpoint","elapsedMs":6,"message":"started","format":"mp4","quality":"high","browserGpuMode":"auto","forceScreenshot":false,"protocolTimeoutMs":300000,"pageNavigationTimeoutMs":60000,"playerReadyTimeoutMs":45000,"requestedWorkers":"auto"}
[INFO] [Render:trace] {"renderJobId":"f1ae002b-b3cf-4932-aaa0-2f2f6687915e","phase":"compile","status":"start","elapsedMs":9,"needsAlpha":false}
[WARN] [compile] Audio "el-vo" (assets/audio/d1s-direction-avant-sans-vo.mp3) is 54.98s but its data-duration is 55.89s — the slot is shortened to the media length. Set data-duration to ~54.98s, trim data-media-start, or use a longer/looping source if that isn't intended. {"renderJobId":"f1ae002b-b3cf-4932-aaa0-2f2f6687915e"}
[INFO] [Compiler] Fetched 11 font face(s) for "Inter" from Google Fonts (cached to /root/.cache/hyperframes/fonts/inter)
[INFO] [Compiler] Fetched 11 font face(s) for "Roboto" from Google Fonts (cached to /root/.cache/hyperframes/fonts/roboto)
[INFO] [Compiler] Fetched 4 font face(s) for "Helvetica" from Google Fonts (cached to /root/.cache/hyperframes/fonts/helvetica)
[INFO] [Compiler] Injected deterministic @font-face rules for 5 requested font families
[INFO] [Compiler] Embedded local font file: assets/vendor/fonts/Fredoka-Variable.woff2 (29 KB → data URI)
[INFO] Compiled composition metadata {"renderJobId":"f1ae002b-b3cf-4932-aaa0-2f2f6687915e","entryFile":"compositions/d1s-direction-avant-sans.html","staticDuration":55.89,"width":1920,"height":1080,"videoCount":2,"audioCount":16,"renderModeHints":{"recommendScreenshot":false,"reasons":[]}}
[INFO] [Render:trace] {"renderJobId":"f1ae002b-b3cf-4932-aaa0-2f2f6687915e","phase":"compile","status":"end","elapsedMs":1740,"durationMs":1731,"needsAlpha":false}
[INFO] [Render:trace] {"renderJobId":"f1ae002b-b3cf-4932-aaa0-2f2f6687915e","phase":"compile","status":"checkpoint","elapsedMs":1751,"message":"composition metadata resolved","width":1920,"height":1080,"videoCount":2,"audioCount":16,"imageCount":3,"deviceScaleFactor":1,"forceScreenshot":false,"compositionHash":"2385da0d295b3120"}
[INFO] [Render:trace] {"renderJobId":"f1ae002b-b3cf-4932-aaa0-2f2f6687915e","phase":"browser_probe","status":"start","elapsedMs":1752,"forceScreenshot":false,"stagePhase":"calibrating"}
[INFO] [Render:trace] {"renderJobId":"f1ae002b-b3cf-4932-aaa0-2f2f6687915e","phase":"browser_probe","status":"end","elapsedMs":1795,"durationMs":43,"forceScreenshot":false,"stagePhase":"calibrating"}
[INFO] [Render:trace] {"renderJobId":"f1ae002b-b3cf-4932-aaa0-2f2f6687915e","phase":"browser_probe","status":"checkpoint","elapsedMs":1802,"message":"duration resolved","durationSeconds":55.89,"totalFrames":1677,"compositionHash":"2385da0d295b3120","beginFrameStalled":false}
[INFO] [Render:trace] {"renderJobId":"f1ae002b-b3cf-4932-aaa0-2f2f6687915e","phase":"video_extract","status":"start","elapsedMs":1802,"videoCount":2}
[INFO] Probing video color spaces... {"renderJobId":"f1ae002b-b3cf-4932-aaa0-2f2f6687915e","videoCount":2}
[INFO] Extracting frames from video 1/2: assets/plates/d1s/sans-onglets.mp4 {"renderJobId":"f1ae002b-b3cf-4932-aaa0-2f2f6687915e"}
[INFO] Extracting frames from video 2/2: assets/plates/d1s/bureau-matin.mp4 {"renderJobId":"f1ae002b-b3cf-4932-aaa0-2f2f6687915e"}
[INFO] [Render:trace] {"renderJobId":"f1ae002b-b3cf-4932-aaa0-2f2f6687915e","phase":"video_extract","status":"end","elapsedMs":2243,"durationMs":441,"videoCount":2}
[INFO] [Render:trace] {"renderJobId":"f1ae002b-b3cf-4932-aaa0-2f2f6687915e","phase":"video_extract","status":"checkpoint","elapsedMs":2253,"message":"frames resolved","videoCount":2,"extractedVideoCount":2,"totalFramesExtracted":524,"maxFramesPerVideo":283,"avgFramesPerExtractedVideo":262,"vfrPreflightCount":0,"vfrPreflightMs":0,"cacheHits":2,"cacheMisses":0,"transientRetries":0,"minVideoFrameCoverageRatio":1,"authoredTimedClipCount":28}
[INFO] [Render] No HDR sources detected — rendering SDR {"renderJobId":"f1ae002b-b3cf-4932-aaa0-2f2f6687915e"}
[INFO] [Render:trace] {"renderJobId":"f1ae002b-b3cf-4932-aaa0-2f2f6687915e","phase":"hdr_detection","status":"checkpoint","elapsedMs":2254,"message":"resolved","requestedHdrMode":"auto","effectiveHdr":"sdr","nativeHdrVideoCount":0,"nativeHdrImageCount":0}
[INFO] [Render:trace] {"renderJobId":"f1ae002b-b3cf-4932-aaa0-2f2f6687915e","phase":"audio_process","status":"start","elapsedMs":2254,"audioCount":16}
[INFO] [Render:trace] {"renderJobId":"f1ae002b-b3cf-4932-aaa0-2f2f6687915e","phase":"audio_process","status":"end","elapsedMs":6245,"durationMs":3991,"audioCount":16}
[INFO] [Render:trace] {"renderJobId":"f1ae002b-b3cf-4932-aaa0-2f2f6687915e","phase":"file_server","status":"start","elapsedMs":6245,"reused":false}
[INFO] [Render:trace] {"renderJobId":"f1ae002b-b3cf-4932-aaa0-2f2f6687915e","phase":"file_server","status":"end","elapsedMs":6254,"durationMs":9}
[hyperframes] browserGpuMode probe → software (WebGL unavailable)
[INFO] [Render:trace] {"renderJobId":"f1ae002b-b3cf-4932-aaa0-2f2f6687915e","phase":"capture_calibration","status":"start","elapsedMs":6904,"stagePhase":"calibrating","forceScreenshot":true,"totalFrames":1677,"framesCompleted":0,"captureMode":"screenshot","captureOperation":"captureScreenshot"}
[INFO] [Render] Calibration config {"renderJobId":"f1ae002b-b3cf-4932-aaa0-2f2f6687915e","protocolTimeout":30000,"parentProtocolTimeout":300000,"forceScreenshot":true,"totalFrames":1677}
[INFO] Launching browser for capture calibration... {"renderJobId":"f1ae002b-b3cf-4932-aaa0-2f2f6687915e"}
[BrowserManager] Browser launched (HeadlessChrome/152.0.7928.2, screenshot, gl=--use-gl=angle --use-angle=swiftshader, headlessShell=true, platform=linux)
[INFO] Initializing calibration session... {"renderJobId":"f1ae002b-b3cf-4932-aaa0-2f2f6687915e"}
[initSession:screenshot] page.goto start (0ms)
[HyperFrames] render runtime fps [object Object]
[initSession:screenshot] page.goto complete (682ms)
[initSession:screenshot] GSAP proxy flush complete (779ms)
[initSession:screenshot] pollHfReady complete (789ms)
[initSession:screenshot] pollSubCompositionTimelines complete (ready) (842ms)
[initSession:screenshot] applyVideoMetadataHints complete (847ms)
[initSession:screenshot] media + fonts + tailwind ready (1012ms)
[initSession:screenshot] captureBeyondViewport downgraded: page content fits the capture viewport (1022ms)
[initSession:screenshot] static-frame dedup: disabled (before-capture hook / video injection active) (1023ms)
[INFO] Calibration session ready, capturing test frames... {"renderJobId":"f1ae002b-b3cf-4932-aaa0-2f2f6687915e"}
[INFO] Calibration: capturing test frame 1/5... {"renderJobId":"f1ae002b-b3cf-4932-aaa0-2f2f6687915e"}
[INFO] Calibration: capturing test frame 2/5... {"renderJobId":"f1ae002b-b3cf-4932-aaa0-2f2f6687915e"}
[INFO] Calibration: capturing test frame 3/5... {"renderJobId":"f1ae002b-b3cf-4932-aaa0-2f2f6687915e"}
[INFO] Calibration: capturing test frame 4/5... {"renderJobId":"f1ae002b-b3cf-4932-aaa0-2f2f6687915e"}
[INFO] Calibration: capturing test frame 5/5... {"renderJobId":"f1ae002b-b3cf-4932-aaa0-2f2f6687915e"}
[INFO] Calibration complete, estimated cost: 251ms/frame (p95) {"renderJobId":"f1ae002b-b3cf-4932-aaa0-2f2f6687915e"}
[INFO] [Render:trace] {"renderJobId":"f1ae002b-b3cf-4932-aaa0-2f2f6687915e","phase":"capture_calibration","status":"end","elapsedMs":9792,"durationMs":2888,"stagePhase":"calibrating","forceScreenshot":true,"totalFrames":1677,"framesCompleted":0,"captureMode":"screenshot","captureOperation":"captureScreenshot"}
[INFO] [Render:trace] {"renderJobId":"f1ae002b-b3cf-4932-aaa0-2f2f6687915e","phase":"capture_calibration","status":"checkpoint","elapsedMs":9793,"message":"resolved","forceScreenshot":true,"multiplier":1,"p95Ms":251}
[INFO] [Render:trace] {"renderJobId":"f1ae002b-b3cf-4932-aaa0-2f2f6687915e","phase":"worker_resolution","status":"checkpoint","elapsedMs":9795,"message":"resolved","workerCount":1}
[INFO] streaming-encode gate {"renderJobId":"f1ae002b-b3cf-4932-aaa0-2f2f6687915e","enabled":true,"configFlag":true,"outputFormat":"mp4","workerCount":1,"durationSeconds":55.89,"maxDurationSeconds":240}
[INFO] [Render:trace] {"renderJobId":"f1ae002b-b3cf-4932-aaa0-2f2f6687915e","phase":"capture_strategy","status":"checkpoint","elapsedMs":9796,"message":"resolved","workerCount":1,"forceScreenshot":true,"captureBeyondViewport":true,"useStreamingEncode":true,"useLayeredComposite":false,"usePageSideCompositing":false,"hasHdrContent":false,"hasShaderTransitions":false,"isPngSequence":false}
[INFO] [Render:trace] {"renderJobId":"f1ae002b-b3cf-4932-aaa0-2f2f6687915e","phase":"capture_streaming","status":"start","elapsedMs":9796,"stagePhase":"capturing","workerCount":1,"forceScreenshot":true,"totalFrames":1677,"framesCompleted":0,"captureMode":"screenshot","captureOperation":"captureScreenshot"}
[BrowserManager] Browser launched (HeadlessChrome/152.0.7928.2, screenshot, gl=--use-gl=angle --use-angle=swiftshader, headlessShell=true, platform=linux)
[initSession:screenshot] page.goto start (0ms)
[HyperFrames] render runtime fps [object Object]
[initSession:screenshot] page.goto complete (582ms)
[initSession:screenshot] GSAP proxy flush complete (782ms)
[initSession:screenshot] pollHfReady complete (789ms)
[initSession:screenshot] pollSubCompositionTimelines complete (ready) (807ms)
[initSession:screenshot] applyVideoMetadataHints complete (814ms)
[initSession:screenshot] media + fonts + tailwind ready (1102ms)
[initSession:screenshot] captureBeyondViewport downgraded: page content fits the capture viewport (1124ms)
[initSession:screenshot] static-frame dedup: disabled (before-capture hook / video injection active) (1124ms)
[INFO] [Render:trace] {"renderJobId":"f1ae002b-b3cf-4932-aaa0-2f2f6687915e","phase":"capture_streaming","status":"checkpoint","elapsedMs":39799,"message":"stage still running","stagePhase":"capturing","workerCount":1,"forceScreenshot":true,"totalFrames":1677,"framesCompleted":171,"captureMode":"screenshot","captureOperation":"captureScreenshot","heartbeatIndex":1,"stageElapsedMs":30002}
[INFO] [Render:trace] {"renderJobId":"f1ae002b-b3cf-4932-aaa0-2f2f6687915e","phase":"capture_streaming","status":"checkpoint","elapsedMs":69802,"message":"stage still running","stagePhase":"capturing","workerCount":1,"forceScreenshot":true,"totalFrames":1677,"framesCompleted":260,"captureMode":"screenshot","captureOperation":"captureScreenshot","heartbeatIndex":2,"stageElapsedMs":60005}
[INFO] [Render:trace] {"renderJobId":"f1ae002b-b3cf-4932-aaa0-2f2f6687915e","phase":"capture_streaming","status":"checkpoint","elapsedMs":129804,"message":"stage still running","stagePhase":"capturing","workerCount":1,"forceScreenshot":true,"totalFrames":1677,"framesCompleted":727,"captureMode":"screenshot","captureOperation":"captureScreenshot","heartbeatIndex":3,"stageElapsedMs":120007}
[INFO] [Render:trace] {"renderJobId":"f1ae002b-b3cf-4932-aaa0-2f2f6687915e","phase":"capture_streaming","status":"checkpoint","elapsedMs":249806,"message":"stage still running","stagePhase":"capturing","workerCount":1,"forceScreenshot":true,"totalFrames":1677,"framesCompleted":1558,"captureMode":"screenshot","captureOperation":"captureScreenshot","heartbeatIndex":4,"stageElapsedMs":240009}
