
=== Tutoriel 42 — Gérer ses appareils connectés ===
Ouverture et fin…
  intro — 3.60 s
  outro — 5.20 s
Présentation…
  bulle : 0/201
  bulle : 60/201
  bulle : 120/201
  bulle : 180/201
  bulle — 6.69 s
Démonstration…
  plan 1 · 1 · Paramètres — 3.29 s (vitesse ×0.88)
  plan 2 · 2 · La langue de Jarvis — 3.24 s (vitesse ×1.14)
  plan 3 · 3 · Périphériques audio Bluetooth — 4.00 s (vitesse ×0.68)
  plan 4 · 4 · Associer un périphérique — 2.40 s (vitesse ×0.71)
  plan 5 · 5 · Les réglages du téléphone — 4.73 s (vitesse ×0.80)
  plan 6 · 6 · Connecter son oreillette — 4.44 s (vitesse ×0.70)
  plan 7 · 7 · Appairé ou connecté — 5.75 s (vitesse ×0.54)
  plan 8 · 8 · Retirer un appareil — 4.00 s (vitesse ×0.45)
Mixage sonore…
Vignette…
  vignette — 2160 × 3840

✓ /home/user/Video/videos/planit-tuto-42-gerer-ses-appareils/out/tuto-42-gerer-ses-appareils.mp4 — 47.44 s
