
=== Tutoriel 14 — Gérer et débrancher ses connecteurs ===
Ouverture et fin…
  intro — 3.60 s
  outro — 5.20 s
Présentation…
  bulle : 0/243
  bulle : 60/243
  bulle : 120/243
  bulle : 180/243
  bulle : 240/243
  bulle — 8.10 s
Démonstration…
  plan 1 · 1 · Vos connecteurs — 2.40 s (vitesse ×1.17)
  plan 2 · 2 · Ouvrir une fiche — 2.46 s (vitesse ×1.22)
  plan 3 · 3 · Les outils accordés — 5.85 s (vitesse ×0.68)
  plan 4 · 4 · Ceux marqués destructifs — 5.62 s (vitesse ×0.71)
  plan 5 · 5 · Refermer la liste — 2.87 s (vitesse ×1.57)
  plan 6 · 6 · Tester la connexion — 5.46 s (vitesse ×0.82)
  plan 7 · 7 · Débrancher — 3.11 s (vitesse ×0.80)
  plan 8 · 8 · Réversible — 3.19 s (vitesse ×0.56)
Mixage sonore…
Vignette…
  vignette — 2160 × 3840

✓ /home/user/Video/videos/planit-tuto-14-gerer-ses-connecteurs/out/tuto-14-gerer-ses-connecteurs.mp4 — 48.01 s
