
=== Tutoriel 26 — Comprendre à quoi servent les skills ===
Ouverture et fin…
  intro — 3.60 s
  outro — 5.20 s
Présentation…
  bulle : 0/232
  bulle : 60/232
  bulle : 120/232
  bulle : 180/232
  bulle — 7.71 s
Démonstration…
  plan 1 · 1 · Le menu Assistant — 3.47 s (vitesse ×0.86)
  plan 2 · 2 · La liste des skills — 3.84 s (vitesse ×0.99)
  plan 3 · 3 · Ce que dit chaque ligne — 3.34 s (vitesse ×0.90)
  plan 4 · 4 · Une méthode, pas une consigne — 3.79 s (vitesse ×1.06)
  plan 5 · 5 · Actualiser — 2.93 s (vitesse ×1.09)
  plan 6 · 6 · La liste se met à jour — 3.29 s (vitesse ×1.31)
  plan 7 · 7 · Les plugins — 3.16 s (vitesse ×1.27)
  plan 8 · 8 · Déjà à jour — 3.06 s (vitesse ×1.18)
  plan 9 · 9 · Le skill qui manque — 4.00 s (vitesse ×1.25)
  plan 10 · 10 · Installé une fois — 2.95 s (vitesse ×1.36)
Mixage sonore…
Vignette…
  vignette — 2160 × 3840

✓ /home/user/Video/videos/planit-tuto-26-comprendre-les-skills/out/tuto-26-comprendre-les-skills.mp4 — 50.52 s
