
=== Tutoriel 23 — Mettre à jour un document déjà déposé ===
Ouverture et fin…
  intro — 3.60 s
  outro — 5.20 s
Présentation…
  bulle : 0/247
  bulle : 60/247
  bulle : 120/247
  bulle : 180/247
  bulle : 240/247
  bulle — 8.23 s
Démonstration…
  plan 1 · 1 · Six sections sur huit — 4.31 s (vitesse ×0.74)
  plan 2 · 2 · Ce que l'assistant sait — 4.62 s (vitesse ×0.97)
  plan 3 · 3 · En lecture seule — 3.34 s (vitesse ×1.20)
  plan 4 · 4 · Modifier via les sections — 3.00 s (vitesse ×1.67)
  plan 5 · 5 · Ouvrir la section — 3.42 s (vitesse ×1.46)
  plan 6 · 6 · Compléter, pas réécrire — 3.66 s (vitesse ×2.46)
  plan 7 · 7 · Une précision de plus — 3.16 s (vitesse ×3.16)
  plan 8 · 8 · Enregistrer — 3.11 s (vitesse ×1.93)
  plan 9 · 9 · L'aperçu suit — 3.60 s (vitesse ×1.39)
  plan 10 · 10 · Jamais l'ancienne — 2.04 s (vitesse ×1.57)
Mixage sonore…
Vignette…
  vignette — 2160 × 3840

✓ /home/user/Video/videos/planit-tuto-23-mettre-a-jour-un-document/out/tuto-23-mettre-a-jour-un-document.mp4 — 51.40 s
