
=== Tutoriel 10 — Lancer une tâche qui prend du temps ===
Ouverture et fin…
  intro — 3.60 s
  outro — 5.20 s
Présentation…
  bulle : 0/218
  bulle : 60/218
  bulle : 120/218
  bulle : 180/218
  bulle — 7.24 s
Démonstration…
  plan 1 · 1 · La notification — 3.29 s (vitesse ×0.94)
  plan 2 · 2 · Un geste — 1.38 s (vitesse ×0.94)
  plan 3 · 3 · La tâche s'ouvre — 2.95 s (vitesse ×0.95)
  plan 4 · 4 · Exécutée à 19 h 40 — 3.06 s (vitesse ×0.92)
  plan 5 · 5 · Retour à l'accueil — 2.27 s (vitesse ×0.97)
  plan 6 · 6 · Partir pendant que ça travaille — 2.95 s (vitesse ×0.95)
Mixage sonore…
Vignette…
  vignette — 2160 × 3840

✓ /home/user/Video/videos/planit-tuto-10-lancer-une-tache-longue/out/tuto-10-lancer-une-tache-longue.mp4 — 32.03 s
