
=== Tutoriel 00 — Créer son compte Plan'It ===
Ouverture et fin…
  intro — 3.60 s
  outro — 5.20 s
Présentation…
  bulle : 0/258
  bulle : 60/258
  bulle : 120/258
  bulle : 180/258
  bulle : 240/258
  bulle — 8.59 s
Démonstration…
  plan 1 · 1 · L'écran de connexion — 5.62 s (vitesse ×0.89)
  plan 2 · 2 · Le formulaire d'inscription — 5.98 s (vitesse ×1.22)
  plan 3 · 3 · L'adresse professionnelle — 5.15 s (vitesse ×0.87)
  plan 4 · 4 · Mot de passe et confirmation — 4.86 s (vitesse ×1.13)
  plan 5 · 5 · Le code à 6 chiffres — 4.08 s (vitesse ×0.98)
  plan 6 · 6 · Le code reçu par email — 4.36 s (vitesse ×1.15)
  plan 7 · 7 · Vérification du code — 4.55 s (vitesse ×1.14)
  plan 8 · 8 · Première connexion — 5.15 s (vitesse ×1.26)
  plan 9 · 9 · Votre espace est ouvert — 5.56 s (vitesse ×0.90)
Mixage sonore…
Vignette…
  vignette — 2160 × 3840

✓ /home/user/Video/videos/planit-tuto-00-creer-son-compte/out/tuto-00-creer-son-compte.mp4 — 62.91 s
